<html>
  <head>
    <title>NYTimes API Demo</title>
  </head>
  <body>
   <a href="/search-main.html">Search</a><br>
  </body>
</html>
